core_cm0.h:629:22:NVIC_EnableIRQ	16	static
core_cm0.h:640:22:NVIC_DisableIRQ	16	static
core_cm0.h:653:26:NVIC_GetPendingIRQ	16	static
core_cm0.h:664:22:NVIC_SetPendingIRQ	16	static
core_cm0.h:675:22:NVIC_ClearPendingIRQ	16	static
core_cm0.h:688:22:NVIC_SetPriority	24	static
core_cm0.h:712:26:NVIC_GetPriority	16	static
core_cm0.h:730:22:NVIC_SystemReset	8	static,ignoring_inline_asm
core_cm0.h:769:26:SysTick_Config	16	static
my_stm32f0xx_cortex.c:15:6:MY_SysTick_Init	16	static
my_stm32f0xx_cortex.c:34:6:MY_SysTick_ClockSourceConfig	16	static
my_stm32f0xx_cortex.c:47:6:MY_SysTick_IncTick	8	static
my_stm32f0xx_cortex.c:53:10:MY_SysTick_GetTick	8	static
my_stm32f0xx_cortex.c:59:6:MY_SysTick_SuspendTick	8	static
my_stm32f0xx_cortex.c:66:6:MY_SysTick_ResumeTick	8	static
my_stm32f0xx_cortex.c:73:6:MY_NVIC_EnableIRQ	16	static
my_stm32f0xx_cortex.c:80:6:MY_NVIC_DisableIRQ	16	static
my_stm32f0xx_cortex.c:87:6:MY_NVIC_Priority_Set	16	static
my_stm32f0xx_cortex.c:94:10:MY_NVIC_Priority_Get	16	static
my_stm32f0xx_cortex.c:101:6:MY_NVIC_PendingIRQ_Set	16	static
my_stm32f0xx_cortex.c:108:10:MY_NVIC_PendingIRQ_Get	16	static
my_stm32f0xx_cortex.c:115:6:MY_NVIC_PendingIRQ_Clear	16	static
my_stm32f0xx_cortex.c:122:6:MY_NVIC_SystemReset	8	static
my_stm32f0xx_cortex.c:129:10:MY_REVID_Get	8	static
my_stm32f0xx_cortex.c:135:10:MY_DEVID_Get	8	static
my_stm32f0xx_cortex.c:141:10:MY_UID_Word0_Get	8	static
my_stm32f0xx_cortex.c:147:10:MY_UID_Word1_Get	8	static
my_stm32f0xx_cortex.c:153:10:MY_UID_Word2_Get	8	static
my_stm32f0xx_cortex.c:159:6:MY_DBGMCU_DBGStopMode_Enable	8	static
my_stm32f0xx_cortex.c:165:6:MY_DBGMCU_DBGStopMode_Disable	8	static
my_stm32f0xx_cortex.c:171:6:MY_DBGMCU_DBGStandbyMode_Enable	8	static
my_stm32f0xx_cortex.c:177:6:MY_DBGMCU_DBGStandbyMode_Disable	8	static
