Archive member included to satisfy reference by file (symbol)

/opt/st/stm32cubeide_1.0.1/plugins/com.st.stm32cube.ide.mcu.externaltools.gnu-tools-for-stm32.7-2018-q2-update.linux64_1.0.0.201904181610/tools/bin/../lib/gcc/arm-none-eabi/7.3.1/../../../../arm-none-eabi/lib/thumb/v6-m/libc_nano.a(lib_a-errno.o)
                              Src/syscalls.o (__errno)
/opt/st/stm32cubeide_1.0.1/plugins/com.st.stm32cube.ide.mcu.externaltools.gnu-tools-for-stm32.7-2018-q2-update.linux64_1.0.0.201904181610/tools/bin/../lib/gcc/arm-none-eabi/7.3.1/../../../../arm-none-eabi/lib/thumb/v6-m/libc_nano.a(lib_a-exit.o)
                              /opt/st/stm32cubeide_1.0.1/plugins/com.st.stm32cube.ide.mcu.externaltools.gnu-tools-for-stm32.7-2018-q2-update.linux64_1.0.0.201904181610/tools/bin/../lib/gcc/arm-none-eabi/7.3.1/../../../../arm-none-eabi/lib/thumb/v6-m/crt0.o (exit)
/opt/st/stm32cubeide_1.0.1/plugins/com.st.stm32cube.ide.mcu.externaltools.gnu-tools-for-stm32.7-2018-q2-update.linux64_1.0.0.201904181610/tools/bin/../lib/gcc/arm-none-eabi/7.3.1/../../../../arm-none-eabi/lib/thumb/v6-m/libc_nano.a(lib_a-impure.o)
                              /opt/st/stm32cubeide_1.0.1/plugins/com.st.stm32cube.ide.mcu.externaltools.gnu-tools-for-stm32.7-2018-q2-update.linux64_1.0.0.201904181610/tools/bin/../lib/gcc/arm-none-eabi/7.3.1/../../../../arm-none-eabi/lib/thumb/v6-m/libc_nano.a(lib_a-exit.o) (_global_impure_ptr)
/opt/st/stm32cubeide_1.0.1/plugins/com.st.stm32cube.ide.mcu.externaltools.gnu-tools-for-stm32.7-2018-q2-update.linux64_1.0.0.201904181610/tools/bin/../lib/gcc/arm-none-eabi/7.3.1/../../../../arm-none-eabi/lib/thumb/v6-m/libc_nano.a(lib_a-init.o)
                              /opt/st/stm32cubeide_1.0.1/plugins/com.st.stm32cube.ide.mcu.externaltools.gnu-tools-for-stm32.7-2018-q2-update.linux64_1.0.0.201904181610/tools/bin/../lib/gcc/arm-none-eabi/7.3.1/../../../../arm-none-eabi/lib/thumb/v6-m/crt0.o (__libc_init_array)
/opt/st/stm32cubeide_1.0.1/plugins/com.st.stm32cube.ide.mcu.externaltools.gnu-tools-for-stm32.7-2018-q2-update.linux64_1.0.0.201904181610/tools/bin/../lib/gcc/arm-none-eabi/7.3.1/../../../../arm-none-eabi/lib/thumb/v6-m/libc_nano.a(lib_a-memset.o)
                              /opt/st/stm32cubeide_1.0.1/plugins/com.st.stm32cube.ide.mcu.externaltools.gnu-tools-for-stm32.7-2018-q2-update.linux64_1.0.0.201904181610/tools/bin/../lib/gcc/arm-none-eabi/7.3.1/../../../../arm-none-eabi/lib/thumb/v6-m/crt0.o (memset)
/opt/st/stm32cubeide_1.0.1/plugins/com.st.stm32cube.ide.mcu.externaltools.gnu-tools-for-stm32.7-2018-q2-update.linux64_1.0.0.201904181610/tools/bin/../lib/gcc/arm-none-eabi/7.3.1/thumb/v6-m/libgcc.a(_udivsi3.o)
                              Drivers/CMSIS/Src/system_stm32f0xx.o (__aeabi_uidiv)
/opt/st/stm32cubeide_1.0.1/plugins/com.st.stm32cube.ide.mcu.externaltools.gnu-tools-for-stm32.7-2018-q2-update.linux64_1.0.0.201904181610/tools/bin/../lib/gcc/arm-none-eabi/7.3.1/thumb/v6-m/libgcc.a(_dvmd_tls.o)
                              /opt/st/stm32cubeide_1.0.1/plugins/com.st.stm32cube.ide.mcu.externaltools.gnu-tools-for-stm32.7-2018-q2-update.linux64_1.0.0.201904181610/tools/bin/../lib/gcc/arm-none-eabi/7.3.1/thumb/v6-m/libgcc.a(_udivsi3.o) (__aeabi_idiv0)

Allocating common symbols
Common symbol       size              file

uwTick              0x4               Drivers/MY/Src/my_stm32f0xx_cortex.o

Discarded input sections

 .text          0x0000000000000000        0x0 /opt/st/stm32cubeide_1.0.1/plugins/com.st.stm32cube.ide.mcu.externaltools.gnu-tools-for-stm32.7-2018-q2-update.linux64_1.0.0.201904181610/tools/bin/../lib/gcc/arm-none-eabi/7.3.1/thumb/v6-m/crti.o
 .data          0x0000000000000000        0x0 /opt/st/stm32cubeide_1.0.1/plugins/com.st.stm32cube.ide.mcu.externaltools.gnu-tools-for-stm32.7-2018-q2-update.linux64_1.0.0.201904181610/tools/bin/../lib/gcc/arm-none-eabi/7.3.1/thumb/v6-m/crti.o
 .bss           0x0000000000000000        0x0 /opt/st/stm32cubeide_1.0.1/plugins/com.st.stm32cube.ide.mcu.externaltools.gnu-tools-for-stm32.7-2018-q2-update.linux64_1.0.0.201904181610/tools/bin/../lib/gcc/arm-none-eabi/7.3.1/thumb/v6-m/crti.o
 .data          0x0000000000000000        0x4 /opt/st/stm32cubeide_1.0.1/plugins/com.st.stm32cube.ide.mcu.externaltools.gnu-tools-for-stm32.7-2018-q2-update.linux64_1.0.0.201904181610/tools/bin/../lib/gcc/arm-none-eabi/7.3.1/thumb/v6-m/crtbegin.o
 .text          0x0000000000000000       0x78 /opt/st/stm32cubeide_1.0.1/plugins/com.st.stm32cube.ide.mcu.externaltools.gnu-tools-for-stm32.7-2018-q2-update.linux64_1.0.0.201904181610/tools/bin/../lib/gcc/arm-none-eabi/7.3.1/../../../../arm-none-eabi/lib/thumb/v6-m/crt0.o
 .data          0x0000000000000000        0x0 /opt/st/stm32cubeide_1.0.1/plugins/com.st.stm32cube.ide.mcu.externaltools.gnu-tools-for-stm32.7-2018-q2-update.linux64_1.0.0.201904181610/tools/bin/../lib/gcc/arm-none-eabi/7.3.1/../../../../arm-none-eabi/lib/thumb/v6-m/crt0.o
[...]
Memory Configuration

Name             Origin             Length             Attributes
ROM              0x0000000008000000 0x0000000000010000 xr
RAM              0x0000000020000000 0x0000000000002000 xrw
*default*        0x0000000000000000 0xffffffffffffffff

Linker script and memory map

LOAD /opt/st/stm32cubeide_1.0.1/plugins/com.st.stm32cube.ide.mcu.externaltools.gnu-tools-for-stm32.7-2018-q2-update.linux64_1.0.0.201904181610/tools/bin/../lib/gcc/arm-none-eabi/7.3.1/thumb/v6-m/crti.o
LOAD /opt/st/stm32cubeide_1.0.1/plugins/com.st.stm32cube.ide.mcu.externaltools.gnu-tools-for-stm32.7-2018-q2-update.linux64_1.0.0.201904181610/tools/bin/../lib/gcc/arm-none-eabi/7.3.1/thumb/v6-m/crtbegin.o
LOAD /opt/st/stm32cubeide_1.0.1/plugins/com.st.stm32cube.ide.mcu.externaltools.gnu-tools-for-stm32.7-2018-q2-update.linux64_1.0.0.201904181610/tools/bin/../lib/gcc/arm-none-eabi/7.3.1/../../../../arm-none-eabi/lib/thumb/v6-m/crt0.o
LOAD Drivers/CMSIS/Src/system_stm32f0xx.o
LOAD Drivers/MY/Src/my_stm32f0xx.o
LOAD Drivers/MY/Src/my_stm32f0xx_24c0x.o
LOAD Drivers/MY/Src/my_stm32f0xx_cortex.o
LOAD Drivers/MY/Src/my_stm32f0xx_delay.o
LOAD Drivers/MY/Src/my_stm32f0xx_disco.o
LOAD Drivers/MY/Src/my_stm32f0xx_dma.o
LOAD Drivers/MY/Src/my_stm32f0xx_gpio.o
LOAD Drivers/MY/Src/my_stm32f0xx_i2c.o
LOAD Drivers/MY/Src/my_stm32f0xx_rcc.o
LOAD Drivers/MY/Src/my_stm32f0xx_utils.o
LOAD Src/interrupt_handlers.o
LOAD Src/main.o
LOAD Src/syscalls.o
LOAD Src/sysmem.o
LOAD Startup/startup_stm32f051r8tx.o
START GROUP
LOAD /opt/st/stm32cubeide_1.0.1/plugins/com.st.stm32cube.ide.mcu.externaltools.gnu-tools-for-stm32.7-2018-q2-update.linux64_1.0.0.201904181610/tools/bin/../lib/gcc/arm-none-eabi/7.3.1/../../../../arm-none-eabi/lib/thumb/v6-m/libc_nano.a
LOAD /opt/st/stm32cubeide_1.0.1/plugins/com.st.stm32cube.ide.mcu.externaltools.gnu-tools-for-stm32.7-2018-q2-update.linux64_1.0.0.201904181610/tools/bin/../lib/gcc/arm-none-eabi/7.3.1/../../../../arm-none-eabi/lib/thumb/v6-m/libm.a
END GROUP
START GROUP
LOAD /opt/st/stm32cubeide_1.0.1/plugins/com.st.stm32cube.ide.mcu.externaltools.gnu-tools-for-stm32.7-2018-q2-update.linux64_1.0.0.201904181610/tools/bin/../lib/gcc/arm-none-eabi/7.3.1/thumb/v6-m/libgcc.a
LOAD /opt/st/stm32cubeide_1.0.1/plugins/com.st.stm32cube.ide.mcu.externaltools.gnu-tools-for-stm32.7-2018-q2-update.linux64_1.0.0.201904181610/tools/bin/../lib/gcc/arm-none-eabi/7.3.1/../../../../arm-none-eabi/lib/thumb/v6-m/libc_nano.a
END GROUP
START GROUP
LOAD /opt/st/stm32cubeide_1.0.1/plugins/com.st.stm32cube.ide.mcu.externaltools.gnu-tools-for-stm32.7-2018-q2-update.linux64_1.0.0.201904181610/tools/bin/../lib/gcc/arm-none-eabi/7.3.1/thumb/v6-m/libgcc.a
LOAD /opt/st/stm32cubeide_1.0.1/plugins/com.st.stm32cube.ide.mcu.externaltools.gnu-tools-for-stm32.7-2018-q2-update.linux64_1.0.0.201904181610/tools/bin/../lib/gcc/arm-none-eabi/7.3.1/../../../../arm-none-eabi/lib/thumb/v6-m/libc_nano.a
LOAD /opt/st/stm32cubeide_1.0.1/plugins/com.st.stm32cube.ide.mcu.externaltools.gnu-tools-for-stm32.7-2018-q2-update.linux64_1.0.0.201904181610/tools/bin/../lib/gcc/arm-none-eabi/7.3.1/../../../../arm-none-eabi/lib/thumb/v6-m/libnosys.a
END GROUP
START GROUP
LOAD /opt/st/stm32cubeide_1.0.1/plugins/com.st.stm32cube.ide.mcu.externaltools.gnu-tools-for-stm32.7-2018-q2-update.linux64_1.0.0.201904181610/tools/bin/../lib/gcc/arm-none-eabi/7.3.1/thumb/v6-m/libgcc.a
LOAD /opt/st/stm32cubeide_1.0.1/plugins/com.st.stm32cube.ide.mcu.externaltools.gnu-tools-for-stm32.7-2018-q2-update.linux64_1.0.0.201904181610/tools/bin/../lib/gcc/arm-none-eabi/7.3.1/../../../../arm-none-eabi/lib/thumb/v6-m/libc_nano.a
LOAD /opt/st/stm32cubeide_1.0.1/plugins/com.st.stm32cube.ide.mcu.externaltools.gnu-tools-for-stm32.7-2018-q2-update.linux64_1.0.0.201904181610/tools/bin/../lib/gcc/arm-none-eabi/7.3.1/../../../../arm-none-eabi/lib/thumb/v6-m/libnosys.a
END GROUP
LOAD /opt/st/stm32cubeide_1.0.1/plugins/com.st.stm32cube.ide.mcu.externaltools.gnu-tools-for-stm32.7-2018-q2-update.linux64_1.0.0.201904181610/tools/bin/../lib/gcc/arm-none-eabi/7.3.1/thumb/v6-m/crtend.o
LOAD /opt/st/stm32cubeide_1.0.1/plugins/com.st.stm32cube.ide.mcu.externaltools.gnu-tools-for-stm32.7-2018-q2-update.linux64_1.0.0.201904181610/tools/bin/../lib/gcc/arm-none-eabi/7.3.1/thumb/v6-m/crtn.o
                0x0000000020002000                _estack = 0x20002000
                0x0000000000000200                _Min_Heap_Size = 0x200
                0x0000000000000400                _Min_Stack_Size = 0x400

.isr_vector     0x0000000008000000       0xc0
                0x0000000008000000                . = ALIGN (0x4)
 *(.isr_vector)
 .isr_vector    0x0000000008000000       0xc0 Startup/startup_stm32f051r8tx.o
                0x0000000008000000                g_pfnVectors
                0x00000000080000c0                . = ALIGN (0x4)

.text           0x00000000080000c0     0x13a0
                0x00000000080000c0                . = ALIGN (0x4)
 *(.text)
 .text          0x00000000080000c0       0x48 /opt/st/stm32cubeide_1.0.1/plugins/com.st.stm32cube.ide.mcu.externaltools.gnu-tools-for-stm32.7-2018-q2-update.linux64_1.0.0.201904181610/tools/bin/../lib/gcc/arm-none-eabi/7.3.1/thumb/v6-m/crtbegin.o
 .text          0x0000000008000108      0x114 /opt/st/stm32cubeide_1.0.1/plugins/com.st.stm32cube.ide.mcu.externaltools.gnu-tools-for-stm32.7-2018-q2-update.linux64_1.0.0.201904181610/tools/bin/../lib/gcc/arm-none-eabi/7.3.1/thumb/v6-m/libgcc.a(_udivsi3.o)
                0x0000000008000108                __udivsi3
                0x0000000008000108                __aeabi_uidiv
                0x0000000008000214                __aeabi_uidivmod
 .text          0x000000000800021c        0x4 /opt/st/stm32cubeide_1.0.1/plugins/com.st.stm32cube.ide.mcu.externaltools.gnu-tools-for-stm32.7-2018-q2-update.linux64_1.0.0.201904181610/tools/bin/../lib/gcc/arm-none-eabi/7.3.1/thumb/v6-m/libgcc.a(_dvmd_tls.o)
                0x000000000800021c                __aeabi_ldiv0
                0x000000000800021c                __aeabi_idiv0
 *(.text*)
 .text.MY_System_Init
                0x0000000008000220      0x10c Drivers/MY/Src/my_stm32f0xx.o
                0x0000000008000220                MY_System_Init
 .text.NVIC_SetPriority
                0x000000000800032c       0xdc Drivers/MY/Src/my_stm32f0xx_cortex.o
 .text.SysTick_Config
                0x0000000008000408       0x48 Drivers/MY/Src/my_stm32f0xx_cortex.o
 .text.MY_SysTick_Init
                0x0000000008000450       0x36 Drivers/MY/Src/my_stm32f0xx_cortex.o
                0x0000000008000450                MY_SysTick_Init
 *fill*         0x0000000008000486        0x2 
 .text.MY_SysTick_ClockSourceConfig
                0x0000000008000488       0x34 Drivers/MY/Src/my_stm32f0xx_cortex.o
                0x0000000008000488                MY_SysTick_ClockSourceConfig
 .text.MY_SysTick_IncTick
                0x00000000080004bc       0x18 Drivers/MY/Src/my_stm32f0xx_cortex.o
                0x00000000080004bc                MY_SysTick_IncTick
 .text.MY_SysTick_GetTick
                0x00000000080004d4       0x14 Drivers/MY/Src/my_stm32f0xx_cortex.o
                0x00000000080004d4                MY_SysTick_GetTick
 .text.MY_SysTick_SuspendTick
                0x00000000080004e8       0x1c Drivers/MY/Src/my_stm32f0xx_cortex.o
                0x00000000080004e8                MY_SysTick_SuspendTick
 .text.MY_SysTick_ResumeTick
                0x0000000008000504       0x1c Drivers/MY/Src/my_stm32f0xx_cortex.o
                0x0000000008000504                MY_SysTick_ResumeTick
 .text.MY_NVIC_Priority_Set
                0x0000000008000520       0x26 Drivers/MY/Src/my_stm32f0xx_cortex.o
                0x0000000008000520                MY_NVIC_Priority_Set
 .text.MY_Delay_ms
                0x0000000008000546       0x2e Drivers/MY/Src/my_stm32f0xx_delay.o
                0x0000000008000546                MY_Delay_ms
 .text.MY_GPIO_Init
                0x0000000008000574       0x5e Drivers/MY/Src/my_stm32f0xx_gpio.o
                0x0000000008000574                MY_GPIO_Init
 .text.MY_GPIO_StructInit
                0x00000000080005d2      0x192 Drivers/MY/Src/my_stm32f0xx_gpio.o
                0x00000000080005d2                MY_GPIO_StructInit
 .text.MY_GPIO_EnableClock
                0x0000000008000764       0x4c Drivers/MY/Src/my_stm32f0xx_gpio.o
                0x0000000008000764                MY_GPIO_EnableClock
 .text.MY_GPIO_GetPortSource
                0x00000000080007b0       0x1e Drivers/MY/Src/my_stm32f0xx_gpio.o
                0x00000000080007b0                MY_GPIO_GetPortSource
 *fill*         0x00000000080007ce        0x2 
 .text.MY_GPIO_INT_Init
                0x00000000080007d0      0x15c Drivers/MY/Src/my_stm32f0xx_gpio.o
 .text.MY_RCC_System_Init
                0x000000000800092c       0xae Drivers/MY/Src/my_stm32f0xx_rcc.o
                0x000000000800092c                MY_RCC_System_Init
 *fill*         0x00000000080009da        0x2 
 .text.MY_RCC_System_DeInit
                0x00000000080009dc       0x70 Drivers/MY/Src/my_stm32f0xx_rcc.o
                0x00000000080009dc                MY_RCC_System_DeInit
 .text.MY_RCC_Osc_Config
                0x0000000008000a4c      0x5e0 Drivers/MY/Src/my_stm32f0xx_rcc.o
                0x0000000008000a4c                MY_RCC_Osc_Config
 .text.MY_RCC_Clock_Config
                0x000000000800102c      0x1d0 Drivers/MY/Src/my_stm32f0xx_rcc.o
                0x000000000800102c                MY_RCC_Clock_Config
 .text.MY_RCC_SysClock_GetFreq
                0x00000000080011fc       0xc8 Drivers/MY/Src/my_stm32f0xx_rcc.o
                0x00000000080011fc                MY_RCC_SysClock_GetFreq
 .text.MY_RCC_HCLK_GetFreq
                0x00000000080012c4       0x14 Drivers/MY/Src/my_stm32f0xx_rcc.o
                0x00000000080012c4                MY_RCC_HCLK_GetFreq
 .text.MY_UTILS_SetBitWithRead
                0x00000000080012d8       0x36 Drivers/MY/Src/my_stm32f0xx_utils.o
                0x00000000080012d8                MY_UTILS_SetBitWithRead
 *fill*         0x000000000800130e        0x2 
 .text.NMI_Handler
                0x0000000008001310       0x24 Src/interrupt_handlers.o
                0x0000000008001310                NMI_Handler
 .text.HardFault_Handler
                0x0000000008001334        0x6 Src/interrupt_handlers.o
                0x0000000008001334                HardFault_Handler
 .text.SVC_Handler
                0x000000000800133a        0xa Src/interrupt_handlers.o
                0x000000000800133a                SVC_Handler
 .text.PendSV_Handler
                0x0000000008001344        0xa Src/interrupt_handlers.o
                0x0000000008001344                PendSV_Handler
 .text.SysTick_Handler
                0x000000000800134e        0xe Src/interrupt_handlers.o
                0x000000000800134e                SysTick_Handler
 .text.main     0x000000000800135c       0x50 Src/main.o
                0x000000000800135c                main
 .text.Reset_Handler
                0x00000000080013ac       0x50 Startup/startup_stm32f051r8tx.o
                0x00000000080013ac                Reset_Handler
 .text.Default_Handler
                0x00000000080013fc        0x2 Startup/startup_stm32f051r8tx.o
                0x00000000080013fc                DMA1_CH4_5_6_7_DMA2_CH3_4_5_IRQHandler
                0x00000000080013fc                TIM1_CC_IRQHandler
                0x00000000080013fc                TSC_IRQHandler
                0x00000000080013fc                PVD_IRQHandler
                0x00000000080013fc                I2C1_IRQHandler
                0x00000000080013fc                RCC_CRS_IRQHandler
                0x00000000080013fc                SPI1_IRQHandler
                0x00000000080013fc                TIM6_DAC_IRQHandler
                0x00000000080013fc                EXTI2_3_IRQHandler
                0x00000000080013fc                I2C2_IRQHandler
                0x00000000080013fc                TIM17_IRQHandler
                0x00000000080013fc                CEC_CAN_IRQHandler
                0x00000000080013fc                RTC_IRQHandler
                0x00000000080013fc                TIM16_IRQHandler
                0x00000000080013fc                TIM3_IRQHandler
                0x00000000080013fc                EXTI4_15_IRQHandler
                0x00000000080013fc                Default_Handler
                0x00000000080013fc                DMA1_CH2_3_DMA2_CH1_2_IRQHandler
                0x00000000080013fc                TIM14_IRQHandler
                0x00000000080013fc                TIM7_IRQHandler
                0x00000000080013fc                TIM15_IRQHandler
                0x00000000080013fc                EXTI0_1_IRQHandler
                0x00000000080013fc                USB_IRQHandler
                0x00000000080013fc                SPI2_IRQHandler
                0x00000000080013fc                DMA1_CH1_IRQHandler
                0x00000000080013fc                WWDG_IRQHandler
                0x00000000080013fc                TIM2_IRQHandler
                0x00000000080013fc                ADC_COMP_IRQHandler
                0x00000000080013fc                USART2_IRQHandler
                0x00000000080013fc                USART3_4_5_6_7_8_IRQHandler
                0x00000000080013fc                FLASH_IRQHandler
                0x00000000080013fc                USART1_IRQHandler
                0x00000000080013fc                TIM1_BRK_UP_TRG_COM_IRQHandler
 *fill*         0x00000000080013fe        0x2 
 .text.__libc_init_array
                0x0000000008001400       0x48 /opt/st/stm32cubeide_1.0.1/plugins/com.st.stm32cube.ide.mcu.externaltools.gnu-tools-for-stm32.7-2018-q2-update.linux64_1.0.0.201904181610/tools/bin/../lib/gcc/arm-none-eabi/7.3.1/../../../../arm-none-eabi/lib/thumb/v6-m/libc_nano.a(lib_a-init.o)
                0x0000000008001400                __libc_init_array
 *(.glue_7)
 .glue_7        0x0000000008001448        0x0 linker stubs
 *(.glue_7t)
 .glue_7t       0x0000000008001448        0x0 linker stubs
 *(.eh_frame)
 .eh_frame      0x0000000008001448        0x0 /opt/st/stm32cubeide_1.0.1/plugins/com.st.stm32cube.ide.mcu.externaltools.gnu-tools-for-stm32.7-2018-q2-update.linux64_1.0.0.201904181610/tools/bin/../lib/gcc/arm-none-eabi/7.3.1/thumb/v6-m/crtbegin.o
 *(.init)
 .init          0x0000000008001448        0x4 /opt/st/stm32cubeide_1.0.1/plugins/com.st.stm32cube.ide.mcu.externaltools.gnu-tools-for-stm32.7-2018-q2-update.linux64_1.0.0.201904181610/tools/bin/../lib/gcc/arm-none-eabi/7.3.1/thumb/v6-m/crti.o
                0x0000000008001448                _init
 .init          0x000000000800144c        0x8 /opt/st/stm32cubeide_1.0.1/plugins/com.st.stm32cube.ide.mcu.externaltools.gnu-tools-for-stm32.7-2018-q2-update.linux64_1.0.0.201904181610/tools/bin/../lib/gcc/arm-none-eabi/7.3.1/thumb/v6-m/crtn.o
 *(.fini)
 .fini          0x0000000008001454        0x4 /opt/st/stm32cubeide_1.0.1/plugins/com.st.stm32cube.ide.mcu.externaltools.gnu-tools-for-stm32.7-2018-q2-update.linux64_1.0.0.201904181610/tools/bin/../lib/gcc/arm-none-eabi/7.3.1/thumb/v6-m/crti.o
                0x0000000008001454                _fini
 .fini          0x0000000008001458        0x8 /opt/st/stm32cubeide_1.0.1/plugins/com.st.stm32cube.ide.mcu.externaltools.gnu-tools-for-stm32.7-2018-q2-update.linux64_1.0.0.201904181610/tools/bin/../lib/gcc/arm-none-eabi/7.3.1/thumb/v6-m/crtn.o
                0x0000000008001460                . = ALIGN (0x4)
                0x0000000008001460                _etext = .

.vfp11_veneer   0x0000000008001460        0x0
 .vfp11_veneer  0x0000000008001460        0x0 linker stubs

.v4_bx          0x0000000008001460        0x0
 .v4_bx         0x0000000008001460        0x0 linker stubs

.iplt           0x0000000008001460        0x0
 .iplt          0x0000000008001460        0x0 /opt/st/stm32cubeide_1.0.1/plugins/com.st.stm32cube.ide.mcu.externaltools.gnu-tools-for-stm32.7-2018-q2-update.linux64_1.0.0.201904181610/tools/bin/../lib/gcc/arm-none-eabi/7.3.1/thumb/v6-m/crtbegin.o

.rodata         0x0000000008001460       0x30
                0x0000000008001460                . = ALIGN (0x4)
 *(.rodata)
 .rodata        0x0000000008001460       0x20 Drivers/MY/Src/my_stm32f0xx_rcc.o
 *(.rodata*)
 .rodata.AHBPrescTable
                0x0000000008001480       0x10 Drivers/CMSIS/Src/system_stm32f0xx.o
                0x0000000008001480                AHBPrescTable
                0x0000000008001490                . = ALIGN (0x4)

.rel.dyn        0x0000000008001490        0x0
 .rel.iplt      0x0000000008001490        0x0 /opt/st/stm32cubeide_1.0.1/plugins/com.st.stm32cube.ide.mcu.externaltools.gnu-tools-for-stm32.7-2018-q2-update.linux64_1.0.0.201904181610/tools/bin/../lib/gcc/arm-none-eabi/7.3.1/thumb/v6-m/crtbegin.o

.ARM.extab      0x0000000008001490        0x0
                0x0000000008001490                . = ALIGN (0x4)
 *(.ARM.extab* .gnu.linkonce.armextab.*)
                0x0000000008001490                . = ALIGN (0x4)

.ARM            0x0000000008001490        0x0
                0x0000000008001490                . = ALIGN (0x4)
                0x0000000008001490                __exidx_start = .
 *(.ARM.exidx*)
                0x0000000008001490                __exidx_end = .
                0x0000000008001490                . = ALIGN (0x4)

.preinit_array  0x0000000008001490        0x0
                0x0000000008001490                . = ALIGN (0x4)
                0x0000000008001490                PROVIDE (__preinit_array_start = .)
 *(.preinit_array*)
                0x0000000008001490                PROVIDE (__preinit_array_end = .)
                0x0000000008001490                . = ALIGN (0x4)

.init_array     0x0000000008001490        0x4
                0x0000000008001490                . = ALIGN (0x4)
                0x0000000008001490                PROVIDE (__init_array_start = .)
 *(SORT_BY_NAME(.init_array.*))
 *(.init_array*)
 .init_array    0x0000000008001490        0x4 /opt/st/stm32cubeide_1.0.1/plugins/com.st.stm32cube.ide.mcu.externaltools.gnu-tools-for-stm32.7-2018-q2-update.linux64_1.0.0.201904181610/tools/bin/../lib/gcc/arm-none-eabi/7.3.1/thumb/v6-m/crtbegin.o
                0x0000000008001494                PROVIDE (__init_array_end = .)
                0x0000000008001494                . = ALIGN (0x4)

.fini_array     0x0000000008001494        0x4
                0x0000000008001494                . = ALIGN (0x4)
                [!provide]                        PROVIDE (__fini_array_start = .)
 *(SORT_BY_NAME(.fini_array.*))
 *(.fini_array*)
 .fini_array    0x0000000008001494        0x4 /opt/st/stm32cubeide_1.0.1/plugins/com.st.stm32cube.ide.mcu.externaltools.gnu-tools-for-stm32.7-2018-q2-update.linux64_1.0.0.201904181610/tools/bin/../lib/gcc/arm-none-eabi/7.3.1/thumb/v6-m/crtbegin.o
                [!provide]                        PROVIDE (__fini_array_end = .)
                0x0000000008001498                . = ALIGN (0x4)
                0x0000000008001498                _sidata = LOADADDR (.data)

.data           0x0000000020000000        0x4 load address 0x0000000008001498
                0x0000000020000000                . = ALIGN (0x4)
                0x0000000020000000                _sdata = .
 *(.data)
 *(.data*)
 .data.SystemCoreClock
                0x0000000020000000        0x4 Drivers/CMSIS/Src/system_stm32f0xx.o
                0x0000000020000000                SystemCoreClock
                0x0000000020000004                . = ALIGN (0x4)
                0x0000000020000004                _edata = .

.igot.plt       0x0000000020000004        0x0 load address 0x000000000800149c
 .igot.plt      0x0000000020000004        0x0 /opt/st/stm32cubeide_1.0.1/plugins/com.st.stm32cube.ide.mcu.externaltools.gnu-tools-for-stm32.7-2018-q2-update.linux64_1.0.0.201904181610/tools/bin/../lib/gcc/arm-none-eabi/7.3.1/thumb/v6-m/crtbegin.o
                0x0000000020000004                . = ALIGN (0x4)

.bss            0x0000000020000004       0x2c load address 0x000000000800149c
                0x0000000020000004                _sbss = .
                0x0000000020000004                __bss_start__ = _sbss
 *(.bss)
 .bss           0x0000000020000004       0x1c /opt/st/stm32cubeide_1.0.1/plugins/com.st.stm32cube.ide.mcu.externaltools.gnu-tools-for-stm32.7-2018-q2-update.linux64_1.0.0.201904181610/tools/bin/../lib/gcc/arm-none-eabi/7.3.1/thumb/v6-m/crtbegin.o
 *(.bss*)
 .bss.GPIO_UsedPins
                0x0000000020000020        0xa Drivers/MY/Src/my_stm32f0xx_gpio.o
 *(COMMON)
 *fill*         0x000000002000002a        0x2 
 COMMON         0x000000002000002c        0x4 Drivers/MY/Src/my_stm32f0xx_cortex.o
                0x000000002000002c                uwTick
                0x0000000020000030                . = ALIGN (0x4)
                0x0000000020000030                _ebss = .
                0x0000000020000030                __bss_end__ = _ebss

._user_heap_stack
                0x0000000020000030      0x600 load address 0x000000000800149c
                0x0000000020000030                . = ALIGN (0x8)
                0x0000000020000030                PROVIDE (end = .)
                [!provide]                        PROVIDE (_end = .)
                0x0000000020000230                . = (. + _Min_Heap_Size)
 *fill*         0x0000000020000030      0x200 
                0x0000000020000630                . = (. + _Min_Stack_Size)
 *fill*         0x0000000020000230      0x400 
                0x0000000020000630                . = ALIGN (0x8)

/DISCARD/
 libc.a(*)
 libm.a(*)
 libgcc.a(*)

.ARM.attributes
                0x0000000000000000       0x28
 *(.ARM.attributes)
 .ARM.attributes
                0x0000000000000000       0x1e /opt/st/stm32cubeide_1.0.1/plugins/com.st.stm32cube.ide.mcu.externaltools.gnu-tools-for-stm32.7-2018-q2-update.linux64_1.0.0.201904181610/tools/bin/../lib/gcc/arm-none-eabi/7.3.1/thumb/v6-m/crti.o
 .ARM.attributes
                0x000000000000001e       0x2c /opt/st/stm32cubeide_1.0.1/plugins/com.st.stm32cube.ide.mcu.externaltools.gnu-tools-for-stm32.7-2018-q2-update.linux64_1.0.0.201904181610/tools/bin/../lib/gcc/arm-none-eabi/7.3.1/thumb/v6-m/crtbegin.o
 .ARM.attributes
                0x000000000000004a       0x31 Drivers/CMSIS/Src/system_stm32f0xx.o
 .ARM.attributes
                0x000000000000007b       0x31 Drivers/MY/Src/my_stm32f0xx.o
 .ARM.attributes
                0x00000000000000ac       0x31 Drivers/MY/Src/my_stm32f0xx_cortex.o
 .ARM.attributes
                0x00000000000000dd       0x31 Drivers/MY/Src/my_stm32f0xx_delay.o
 .ARM.attributes
                0x000000000000010e       0x31 Drivers/MY/Src/my_stm32f0xx_gpio.o
 .ARM.attributes
                0x000000000000013f       0x31 Drivers/MY/Src/my_stm32f0xx_rcc.o
 .ARM.attributes
                0x0000000000000170       0x31 Drivers/MY/Src/my_stm32f0xx_utils.o
 .ARM.attributes
                0x00000000000001a1       0x31 Src/interrupt_handlers.o
 .ARM.attributes
                0x00000000000001d2       0x31 Src/main.o
 .ARM.attributes
                0x0000000000000203       0x21 Startup/startup_stm32f051r8tx.o
 .ARM.attributes
                0x0000000000000224       0x2c /opt/st/stm32cubeide_1.0.1/plugins/com.st.stm32cube.ide.mcu.externaltools.gnu-tools-for-stm32.7-2018-q2-update.linux64_1.0.0.201904181610/tools/bin/../lib/gcc/arm-none-eabi/7.3.1/../../../../arm-none-eabi/lib/thumb/v6-m/libc_nano.a(lib_a-init.o)
 .ARM.attributes
                0x0000000000000250       0x1e /opt/st/stm32cubeide_1.0.1/plugins/com.st.stm32cube.ide.mcu.externaltools.gnu-tools-for-stm32.7-2018-q2-update.linux64_1.0.0.201904181610/tools/bin/../lib/gcc/arm-none-eabi/7.3.1/thumb/v6-m/libgcc.a(_udivsi3.o)
 .ARM.attributes
                0x000000000000026e       0x1e /opt/st/stm32cubeide_1.0.1/plugins/com.st.stm32cube.ide.mcu.externaltools.gnu-tools-for-stm32.7-2018-q2-update.linux64_1.0.0.201904181610/tools/bin/../lib/gcc/arm-none-eabi/7.3.1/thumb/v6-m/libgcc.a(_dvmd_tls.o)
 .ARM.attributes
                0x000000000000028c       0x1e /opt/st/stm32cubeide_1.0.1/plugins/com.st.stm32cube.ide.mcu.externaltools.gnu-tools-for-stm32.7-2018-q2-update.linux64_1.0.0.201904181610/tools/bin/../lib/gcc/arm-none-eabi/7.3.1/thumb/v6-m/crtn.o
OUTPUT(Template.elf elf32-littlearm)

.debug_info     0x0000000000000000     0x6972
 .debug_info    0x0000000000000000      0x247 Drivers/CMSIS/Src/system_stm32f0xx.o
 .debug_info    0x0000000000000247      0xc3c Drivers/MY/Src/my_stm32f0xx.o
 .debug_info    0x0000000000000e83     0x1042 Drivers/MY/Src/my_stm32f0xx_cortex.o
 .debug_info    0x0000000000001ec5      0x946 Drivers/MY/Src/my_stm32f0xx_delay.o
 .debug_info    0x000000000000280b     0x1169 Drivers/MY/Src/my_stm32f0xx_gpio.o
 .debug_info    0x0000000000003974     0x10b5 Drivers/MY/Src/my_stm32f0xx_rcc.o
 .debug_info    0x0000000000004a29      0xa4c Drivers/MY/Src/my_stm32f0xx_utils.o
 .debug_info    0x0000000000005475      0xa2a Src/interrupt_handlers.o
 .debug_info    0x0000000000005e9f      0xab1 Src/main.o
 .debug_info    0x0000000000006950       0x22 Startup/startup_stm32f051r8tx.o

.debug_abbrev   0x0000000000000000     0x11f4
 .debug_abbrev  0x0000000000000000      0x100 Drivers/CMSIS/Src/system_stm32f0xx.o
 .debug_abbrev  0x0000000000000100      0x1be Drivers/MY/Src/my_stm32f0xx.o
 .debug_abbrev  0x00000000000002be      0x2f1 Drivers/MY/Src/my_stm32f0xx_cortex.o
 .debug_abbrev  0x00000000000005af      0x199 Drivers/MY/Src/my_stm32f0xx_delay.o
 .debug_abbrev  0x0000000000000748      0x2b4 Drivers/MY/Src/my_stm32f0xx_gpio.o
 .debug_abbrev  0x00000000000009fc      0x2c2 Drivers/MY/Src/my_stm32f0xx_rcc.o
 .debug_abbrev  0x0000000000000cbe      0x1d1 Drivers/MY/Src/my_stm32f0xx_utils.o
 .debug_abbrev  0x0000000000000e8f      0x1a0 Src/interrupt_handlers.o
 .debug_abbrev  0x000000000000102f      0x1b3 Src/main.o
 .debug_abbrev  0x00000000000011e2       0x12 Startup/startup_stm32f051r8tx.o

.debug_aranges  0x0000000000000000      0x380
 .debug_aranges
                0x0000000000000000       0x28 Drivers/CMSIS/Src/system_stm32f0xx.o
 .debug_aranges
                0x0000000000000028       0x20 Drivers/MY/Src/my_stm32f0xx.o
 .debug_aranges
                0x0000000000000048      0x118 Drivers/MY/Src/my_stm32f0xx_cortex.o
 .debug_aranges
                0x0000000000000160       0x20 Drivers/MY/Src/my_stm32f0xx_delay.o
 .debug_aranges
                0x0000000000000180       0xb0 Drivers/MY/Src/my_stm32f0xx_gpio.o
 .debug_aranges
                0x0000000000000230       0x90 Drivers/MY/Src/my_stm32f0xx_rcc.o
 .debug_aranges
                0x00000000000002c0       0x38 Drivers/MY/Src/my_stm32f0xx_utils.o
 .debug_aranges
                0x00000000000002f8       0x40 Src/interrupt_handlers.o
 .debug_aranges
                0x0000000000000338       0x20 Src/main.o
 .debug_aranges
                0x0000000000000358       0x28 Startup/startup_stm32f051r8tx.o

.debug_ranges   0x0000000000000000      0x2e8
 .debug_ranges  0x0000000000000000       0x18 Drivers/CMSIS/Src/system_stm32f0xx.o
 .debug_ranges  0x0000000000000018       0x10 Drivers/MY/Src/my_stm32f0xx.o
 .debug_ranges  0x0000000000000028      0x108 Drivers/MY/Src/my_stm32f0xx_cortex.o
 .debug_ranges  0x0000000000000130       0x10 Drivers/MY/Src/my_stm32f0xx_delay.o
 .debug_ranges  0x0000000000000140       0xa0 Drivers/MY/Src/my_stm32f0xx_gpio.o
 .debug_ranges  0x00000000000001e0       0x80 Drivers/MY/Src/my_stm32f0xx_rcc.o
 .debug_ranges  0x0000000000000260       0x28 Drivers/MY/Src/my_stm32f0xx_utils.o
 .debug_ranges  0x0000000000000288       0x30 Src/interrupt_handlers.o
 .debug_ranges  0x00000000000002b8       0x10 Src/main.o
 .debug_ranges  0x00000000000002c8       0x20 Startup/startup_stm32f051r8tx.o

.debug_macro    0x0000000000000000     0xcf9d
 .debug_macro   0x0000000000000000       0xda Drivers/CMSIS/Src/system_stm32f0xx.o
 .debug_macro   0x00000000000000da      0xa4e Drivers/CMSIS/Src/system_stm32f0xx.o
 .debug_macro   0x0000000000000b28       0x6a Drivers/CMSIS/Src/system_stm32f0xx.o
 .debug_macro   0x0000000000000b92       0x22 Drivers/CMSIS/Src/system_stm32f0xx.o
 .debug_macro   0x0000000000000bb4       0x22 Drivers/CMSIS/Src/system_stm32f0xx.o
 .debug_macro   0x0000000000000bd6       0x22 Drivers/CMSIS/Src/system_stm32f0xx.o
 .debug_macro   0x0000000000000bf8       0x8e Drivers/CMSIS/Src/system_stm32f0xx.o
 .debug_macro   0x0000000000000c86       0x51 Drivers/CMSIS/Src/system_stm32f0xx.o
 .debug_macro   0x0000000000000cd7       0xef Drivers/CMSIS/Src/system_stm32f0xx.o
 .debug_macro   0x0000000000000dc6       0x6a Drivers/CMSIS/Src/system_stm32f0xx.o
 .debug_macro   0x0000000000000e30      0x1df Drivers/CMSIS/Src/system_stm32f0xx.o
 .debug_macro   0x000000000000100f       0x34 Drivers/CMSIS/Src/system_stm32f0xx.o
 .debug_macro   0x0000000000001043       0x26 Drivers/CMSIS/Src/system_stm32f0xx.o
 .debug_macro   0x0000000000001069      0x30d Drivers/CMSIS/Src/system_stm32f0xx.o
 .debug_macro   0x0000000000001376     0x8d15 Drivers/CMSIS/Src/system_stm32f0xx.o
 .debug_macro   0x000000000000a08b       0x3c Drivers/CMSIS/Src/system_stm32f0xx.o
 .debug_macro   0x000000000000a0c7      0x279 Drivers/MY/Src/my_stm32f0xx.o
 .debug_macro   0x000000000000a340       0x40 Drivers/MY/Src/my_stm32f0xx.o
 .debug_macro   0x000000000000a380       0x18 Drivers/MY/Src/my_stm32f0xx.o
 .debug_macro   0x000000000000a398       0x94 Drivers/MY/Src/my_stm32f0xx.o
 .debug_macro   0x000000000000a42c       0x3c Drivers/MY/Src/my_stm32f0xx.o
 .debug_macro   0x000000000000a468       0x34 Drivers/MY/Src/my_stm32f0xx.o
 .debug_macro   0x000000000000a49c       0x16 Drivers/MY/Src/my_stm32f0xx.o
 .debug_macro   0x000000000000a4b2       0x57 Drivers/MY/Src/my_stm32f0xx.o
 .debug_macro   0x000000000000a509       0x97 Drivers/MY/Src/my_stm32f0xx.o
 .debug_macro   0x000000000000a5a0      0x330 Drivers/MY/Src/my_stm32f0xx.o
 .debug_macro   0x000000000000a8d0       0xfd Drivers/MY/Src/my_stm32f0xx.o
 .debug_macro   0x000000000000a9cd       0x10 Drivers/MY/Src/my_stm32f0xx.o
 .debug_macro   0x000000000000a9dd       0x52 Drivers/MY/Src/my_stm32f0xx.o
 .debug_macro   0x000000000000aa2f       0x1f Drivers/MY/Src/my_stm32f0xx.o
 .debug_macro   0x000000000000aa4e       0x43 Drivers/MY/Src/my_stm32f0xx.o
 .debug_macro   0x000000000000aa91       0x20 Drivers/MY/Src/my_stm32f0xx.o
 .debug_macro   0x000000000000aab1      0x1a3 Drivers/MY/Src/my_stm32f0xx.o
 .debug_macro   0x000000000000ac54       0x10 Drivers/MY/Src/my_stm32f0xx.o
 .debug_macro   0x000000000000ac64       0x1c Drivers/MY/Src/my_stm32f0xx.o
 .debug_macro   0x000000000000ac80       0x52 Drivers/MY/Src/my_stm32f0xx.o
 .debug_macro   0x000000000000acd2       0x40 Drivers/MY/Src/my_stm32f0xx.o
 .debug_macro   0x000000000000ad12       0x10 Drivers/MY/Src/my_stm32f0xx.o
 .debug_macro   0x000000000000ad22       0x40 Drivers/MY/Src/my_stm32f0xx.o
 .debug_macro   0x000000000000ad62       0xd7 Drivers/MY/Src/my_stm32f0xx.o
 .debug_macro   0x000000000000ae39       0x1c Drivers/MY/Src/my_stm32f0xx.o
 .debug_macro   0x000000000000ae55       0x3d Drivers/MY/Src/my_stm32f0xx.o
 .debug_macro   0x000000000000ae92       0x16 Drivers/MY/Src/my_stm32f0xx.o
 .debug_macro   0x000000000000aea8      0x145 Drivers/MY/Src/my_stm32f0xx.o
 .debug_macro   0x000000000000afed       0x28 Drivers/MY/Src/my_stm32f0xx.o
 .debug_macro   0x000000000000b015       0x2e Drivers/MY/Src/my_stm32f0xx.o
 .debug_macro   0x000000000000b043       0x6a Drivers/MY/Src/my_stm32f0xx.o
 .debug_macro   0x000000000000b0ad       0x22 Drivers/MY/Src/my_stm32f0xx.o
 .debug_macro   0x000000000000b0cf      0x2a1 Drivers/MY/Src/my_stm32f0xx.o
 .debug_macro   0x000000000000b370      0xba3 Drivers/MY/Src/my_stm32f0xx.o
 .debug_macro   0x000000000000bf13      0x23b Drivers/MY/Src/my_stm32f0xx_cortex.o
 .debug_macro   0x000000000000c14e       0x1c Drivers/MY/Src/my_stm32f0xx_cortex.o
 .debug_macro   0x000000000000c16a      0x245 Drivers/MY/Src/my_stm32f0xx_delay.o
 .debug_macro   0x000000000000c3af      0x263 Drivers/MY/Src/my_stm32f0xx_gpio.o
 .debug_macro   0x000000000000c612      0x265 Drivers/MY/Src/my_stm32f0xx_rcc.o
 .debug_macro   0x000000000000c877      0x23b Drivers/MY/Src/my_stm32f0xx_utils.o
 .debug_macro   0x000000000000cab2      0x27a Src/interrupt_handlers.o
 .debug_macro   0x000000000000cd2c      0x271 Src/main.o

.debug_line     0x0000000000000000     0x4537
 .debug_line    0x0000000000000000      0x4b9 Drivers/CMSIS/Src/system_stm32f0xx.o
 .debug_line    0x00000000000004b9      0x714 Drivers/MY/Src/my_stm32f0xx.o
 .debug_line    0x0000000000000bcd      0x951 Drivers/MY/Src/my_stm32f0xx_cortex.o
 .debug_line    0x000000000000151e      0x6de Drivers/MY/Src/my_stm32f0xx_delay.o
 .debug_line    0x0000000000001bfc      0x940 Drivers/MY/Src/my_stm32f0xx_gpio.o
 .debug_line    0x000000000000253c      0xa51 Drivers/MY/Src/my_stm32f0xx_rcc.o
 .debug_line    0x0000000000002f8d      0x6fc Drivers/MY/Src/my_stm32f0xx_utils.o
 .debug_line    0x0000000000003689      0x731 Src/interrupt_handlers.o
 .debug_line    0x0000000000003dba      0x6f9 Src/main.o
 .debug_line    0x00000000000044b3       0x84 Startup/startup_stm32f051r8tx.o

.debug_str      0x0000000000000000    0x4255f
 .debug_str     0x0000000000000000    0x35b25 Drivers/CMSIS/Src/system_stm32f0xx.o
                                      0x35ccc (size before relaxing)
 .debug_str     0x0000000000035b25     0xbd40 Drivers/MY/Src/my_stm32f0xx.o
                                      0x41a92 (size before relaxing)
 .debug_str     0x0000000000041865      0x3c4 Drivers/MY/Src/my_stm32f0xx_cortex.o
                                      0x3a78b (size before relaxing)
 .debug_str     0x0000000000041c29       0x88 Drivers/MY/Src/my_stm32f0xx_delay.o
                                      0x3a25f (size before relaxing)
 .debug_str     0x0000000000041cb1      0x2bf Drivers/MY/Src/my_stm32f0xx_gpio.o
                                      0x41b77 (size before relaxing)
 .debug_str     0x0000000000041f70      0x44b Drivers/MY/Src/my_stm32f0xx_rcc.o
                                      0x41c51 (size before relaxing)
 .debug_str     0x00000000000423bb       0xdb Drivers/MY/Src/my_stm32f0xx_utils.o
                                      0x3a586 (size before relaxing)
 .debug_str     0x0000000000042496       0x7b Src/interrupt_handlers.o
                                      0x4179f (size before relaxing)
 .debug_str     0x0000000000042511       0x1d Src/main.o
                                      0x4182b (size before relaxing)
 .debug_str     0x000000000004252e       0x31 Startup/startup_stm32f051r8tx.o
                                         0x67 (size before relaxing)

.comment        0x0000000000000000       0x7b
 .comment       0x0000000000000000       0x7b Drivers/CMSIS/Src/system_stm32f0xx.o
                                         0x7c (size before relaxing)
 .comment       0x000000000000007b       0x7c Drivers/MY/Src/my_stm32f0xx.o
 .comment       0x000000000000007b       0x7c Drivers/MY/Src/my_stm32f0xx_cortex.o
 .comment       0x000000000000007b       0x7c Drivers/MY/Src/my_stm32f0xx_delay.o
 .comment       0x000000000000007b       0x7c Drivers/MY/Src/my_stm32f0xx_gpio.o
 .comment       0x000000000000007b       0x7c Drivers/MY/Src/my_stm32f0xx_rcc.o
 .comment       0x000000000000007b       0x7c Drivers/MY/Src/my_stm32f0xx_utils.o
 .comment       0x000000000000007b       0x7c Src/interrupt_handlers.o
 .comment       0x000000000000007b       0x7c Src/main.o

.debug_frame    0x0000000000000000      0xa74
 .debug_frame   0x0000000000000000       0x4c Drivers/CMSIS/Src/system_stm32f0xx.o
 .debug_frame   0x000000000000004c       0x30 Drivers/MY/Src/my_stm32f0xx.o
 .debug_frame   0x000000000000007c      0x3d4 Drivers/MY/Src/my_stm32f0xx_cortex.o
 .debug_frame   0x0000000000000450       0x30 Drivers/MY/Src/my_stm32f0xx_delay.o
 .debug_frame   0x0000000000000480      0x270 Drivers/MY/Src/my_stm32f0xx_gpio.o
 .debug_frame   0x00000000000006f0      0x1dc Drivers/MY/Src/my_stm32f0xx_rcc.o
 .debug_frame   0x00000000000008cc       0x90 Drivers/MY/Src/my_stm32f0xx_utils.o
 .debug_frame   0x000000000000095c       0x9c Src/interrupt_handlers.o
 .debug_frame   0x00000000000009f8       0x30 Src/main.o
 .debug_frame   0x0000000000000a28       0x2c /opt/st/stm32cubeide_1.0.1/plugins/com.st.stm32cube.ide.mcu.externaltools.gnu-tools-for-stm32.7-2018-q2-update.linux64_1.0.0.201904181610/tools/bin/../lib/gcc/arm-none-eabi/7.3.1/../../../../arm-none-eabi/lib/thumb/v6-m/libc_nano.a(lib_a-init.o)
 .debug_frame   0x0000000000000a54       0x20 /opt/st/stm32cubeide_1.0.1/plugins/com.st.stm32cube.ide.mcu.externaltools.gnu-tools-for-stm32.7-2018-q2-update.linux64_1.0.0.201904181610/tools/bin/../lib/gcc/arm-none-eabi/7.3.1/thumb/v6-m/libgcc.a(_udivsi3.o)
