my_stm32f0xx_i2c.c:37:16:MY_I2C_GetHandler	16	static
my_stm32f0xx_i2c.c:63:13:MY_I2C_Init	24	static
my_stm32f0xx_i2c.c:184:13:MY_I2C_IsDeviceReady	48	static
my_stm32f0xx_i2c.c:306:13:MY_I2C_ReadByte	48	static
my_stm32f0xx_i2c.c:340:13:MY_I2C_Master_Transmit	48	static
my_stm32f0xx_i2c.c:477:6:MY_I2C_TransferConfig	40	static
my_stm32f0xx_i2c.c:498:13:MY_I2C_Master_Receive	48	static
my_stm32f0xx_i2c.c:613:13:MY_I2C_WaitOnFlagUntilTimeout	24	static
my_stm32f0xx_i2c.c:638:13:MY_I2C_WaitOnTXISFlagUntilTimeout	24	static
my_stm32f0xx_i2c.c:669:13:MY_I2C_WaitOnRXNEFlagUntilTimeout	24	static
my_stm32f0xx_i2c.c:715:13:MY_I2C_IsAcknowledgeFailed	24	static
my_stm32f0xx_i2c.c:766:13:MY_I2C_WaitOnSTOPFlagUntilTimeout	24	static
my_stm32f0xx_i2c.c:794:6:MY_I2C_Flush_TXDR	16	static
my_stm32f0xx_i2c.c:811:6:MY_I2C_ConfigFilters	24	static
my_stm32f0xx_i2c.c:817:6:MY_I2C_AcknowledgeNextData	16	static
my_stm32f0xx_i2c.c:822:10:MY_I2C_GetError	16	static
my_stm32f0xx_i2c.c:828:13:MY_I2C_Write	40	static
my_stm32f0xx_i2c.c:856:13:MY_I2C1_INT_InitPins	32	static
my_stm32f0xx_i2c.c:877:13:MY_I2C2_INT_InitPins	32	static
