my_stm32f0xx_rcc.c:14:13:MY_RCC_System_Init	80	static
my_stm32f0xx_rcc.c:73:6:MY_RCC_System_DeInit	8	static
my_stm32f0xx_rcc.c:104:13:MY_RCC_Osc_Config	24	static
my_stm32f0xx_rcc.c:543:13:MY_RCC_Clock_Config	24	static
my_stm32f0xx_rcc.c:705:13:MY_RCC_PeriphClock_Config	32	static
my_stm32f0xx_rcc.c:866:6:MY_RCC_PeriphClock_GetConfig	16	static
my_stm32f0xx_rcc.c:942:10:MY_RCC_PeriphClock_GetFreq	24	static
my_stm32f0xx_rcc.c:1189:10:MY_RCC_SysClock_GetFreq	72	static
my_stm32f0xx_rcc.c:1285:10:MY_RCC_HCLK_GetFreq	8	static
my_stm32f0xx_rcc.c:1291:10:MY_RCC_PCLK1_GetFreq	8	static
my_stm32f0xx_rcc.c:1298:6:MY_RCC_Osc_GetConfig	16	static
my_stm32f0xx_rcc.c:1406:6:MY_RCC_Clock_GetConfig	16	static
my_stm32f0xx_rcc.c:1425:6:MY_RCC_MCO_Config	40	static
my_stm32f0xx_rcc.c:1443:6:MY_RCC_CSS_Enable	8	static
my_stm32f0xx_rcc.c:1449:6:MY_RCC_CSS_Disable	8	static
